// Vitest Snapshot v1, https://vitest.dev/guide/snapshot.html

exports[`personalize > golden snapshot: complete output file tree > sorted created-path list matches snapshot 1`] = `
[
  "companies/personal/settings/.gitkeep",
  "companies/personal/settings/cognito.json",
  "companies/personal/workers/.gitkeep",
  "knowledge/alice/profile.md",
  "knowledge/alice/voice-style.md",
]
`;
